Flow report for FinalProject
Tue Sep 08 02:09:27 2020
Quartus Prime Version 18.1.0 Build 625 09/12/2018 SJ Lite Edition


---------------------
; Table of Contents ;
---------------------
  1. Legal Notice
  2. Flow Summary
  3. Flow Settings
  4. Flow Non-Default Global Settings
  5. Flow Elapsed Time
  6. Flow OS Summary
  7. Flow Log
  8. Flow Messages
  9. Flow Suppressed Messages



----------------
; Legal Notice ;
----------------
Copyright (C) 2018  Intel Corporation. All rights reserved.
Your use of Intel Corporation's design tools, logic functions 
and other software and tools, and its AMPP partner logic 
functions, and any output files from any of the foregoing 
(including device programming or simulation files), and any 
associated documentation or information are expressly subject 
to the terms and conditions of the Intel Program License 
Subscription Agreement, the Intel Quartus Prime License Agreement,
the Intel FPGA IP License Agreement, or other applicable license
agreement, including, without limitation, that your use is for
the sole purpose of programming logic devices manufactured by
Intel and sold by Intel or its authorized distributors.  Please
refer to the applicable agreement for further details.



+----------------------------------------------------------------------------------+
; Flow Summary                                                                     ;
+------------------------------------+---------------------------------------------+
; Flow Status                        ; Successful - Tue Sep 08 02:09:17 2020       ;
; Quartus Prime Version              ; 18.1.0 Build 625 09/12/2018 SJ Lite Edition ;
; Revision Name                      ; FinalProject                                ;
; Top-level Entity Name              ; FinalProject                                ;
; Family                             ; Cyclone IV E                                ;
; Device                             ; EP4CE115F29C7                               ;
; Timing Models                      ; Final                                       ;
; Total logic elements               ; 7,828 / 114,480 ( 7 % )                     ;
;     Total combinational functions  ; 7,043 / 114,480 ( 6 % )                     ;
;     Dedicated logic registers      ; 2,692 / 114,480 ( 2 % )                     ;
; Total registers                    ; 2811                                        ;
; Total pins                         ; 128 / 529 ( 24 % )                          ;
; Total virtual pins                 ; 0                                           ;
; Total memory bits                  ; 3,057,720 / 3,981,312 ( 77 % )              ;
; Embedded Multiplier 9-bit elements ; 18 / 532 ( 3 % )                            ;
; Total PLLs                         ; 2 / 4 ( 50 % )                              ;
+------------------------------------+---------------------------------------------+


+-----------------------------------------+
; Flow Settings                           ;
+-------------------+---------------------+
; Option            ; Setting             ;
+-------------------+---------------------+
; Start date & time ; 09/08/2020 01:55:58 ;
; Main task         ; Compilation         ;
; Revision Name     ; FinalProject        ;
+-------------------+---------------------+


+----------------------------------------------------------------------------------------------------------------------------------+
; Flow Non-Default Global Settings                                                                                                 ;
+--------------------------------------+----------------------------------------+---------------+-----------------+----------------+
; Assignment Name                      ; Value                                  ; Default Value ; Entity Name     ; Section Id     ;
+--------------------------------------+----------------------------------------+---------------+-----------------+----------------+
; COMPILER_SIGNATURE_ID                ; 273184158307176.159950135817252        ; --            ; --              ; --             ;
; EDA_DESIGN_INSTANCE_NAME             ; NA                                     ; --            ; --              ; testbench      ;
; EDA_NATIVELINK_SIMULATION_TEST_BENCH ; testbench                              ; --            ; --              ; eda_simulation ;
; EDA_TEST_BENCH_ENABLE_STATUS         ; TEST_BENCH_MODE                        ; --            ; --              ; eda_simulation ;
; EDA_TEST_BENCH_FILE                  ; testbench.sv                           ; --            ; --              ; testbench      ;
; EDA_TEST_BENCH_MODULE_NAME           ; testbench                              ; --            ; --              ; testbench      ;
; EDA_TEST_BENCH_NAME                  ; testbench                              ; --            ; --              ; eda_simulation ;
; EDA_TEST_BENCH_RUN_SIM_FOR           ; 10000 ns                               ; --            ; --              ; testbench      ;
; ENABLE_SIGNALTAP                     ; On                                     ; --            ; --              ; --             ;
; FLOW_ENABLE_POWER_ANALYZER           ; On                                     ; Off           ; --              ; --             ;
; MAX_CORE_JUNCTION_TEMP               ; 85                                     ; --            ; --              ; --             ;
; MIN_CORE_JUNCTION_TEMP               ; 0                                      ; --            ; --              ; --             ;
; MISC_FILE                            ; vga_clk.ppf                            ; --            ; --              ; --             ;
; PARTITION_COLOR                      ; -- (Not supported for targeted family) ; --            ; DE2_115_Default ; Top            ;
; PARTITION_COLOR                      ; -- (Not supported for targeted family) ; --            ; --              ; Top            ;
; PARTITION_FITTER_PRESERVATION_LEVEL  ; -- (Not supported for targeted family) ; --            ; DE2_115_Default ; Top            ;
; PARTITION_FITTER_PRESERVATION_LEVEL  ; -- (Not supported for targeted family) ; --            ; --              ; Top            ;
; PARTITION_NETLIST_TYPE               ; -- (Not supported for targeted family) ; --            ; DE2_115_Default ; Top            ;
; PARTITION_NETLIST_TYPE               ; -- (Not supported for targeted family) ; --            ; --              ; Top            ;
; POWER_BOARD_THERMAL_MODEL            ; None (CONSERVATIVE)                    ; --            ; --              ; --             ;
; POWER_DEFAULT_INPUT_IO_TOGGLE_RATE   ; 12.5 %                                 ; 12.5%         ; --              ; --             ;
; POWER_PRESET_COOLING_SOLUTION        ; 23 MM HEAT SINK WITH 200 LFPM AIRFLOW  ; --            ; --              ; --             ;
; USE_SIGNALTAP_FILE                   ; stp1.stp                               ; --            ; --              ; --             ;
+--------------------------------------+----------------------------------------+---------------+-----------------+----------------+


+--------------------------------------------------------------------------------------------------------------------------+
; Flow Elapsed Time                                                                                                        ;
+----------------------+--------------+-------------------------+---------------------+------------------------------------+
; Module Name          ; Elapsed Time ; Average Processors Used ; Peak Virtual Memory ; Total CPU Time (on all processors) ;
+----------------------+--------------+-------------------------+---------------------+------------------------------------+
; Analysis & Synthesis ; 00:11:20     ; 1.0                     ; 5114 MB             ; 00:11:12                           ;
; Fitter               ; 00:01:06     ; 1.1                     ; 5875 MB             ; 00:01:44                           ;
; Assembler            ; 00:00:09     ; 1.0                     ; 4761 MB             ; 00:00:08                           ;
; Power Analyzer       ; 00:00:24     ; 1.1                     ; 4998 MB             ; 00:00:24                           ;
; Timing Analyzer      ; 00:00:08     ; 1.2                     ; 4973 MB             ; 00:00:09                           ;
; Total                ; 00:13:07     ; --                      ; --                  ; 00:13:37                           ;
+----------------------+--------------+-------------------------+---------------------+------------------------------------+


+------------------------------------------------------------------------------------+
; Flow OS Summary                                                                    ;
+----------------------+------------------+------------+------------+----------------+
; Module Name          ; Machine Hostname ; OS Name    ; OS Version ; Processor type ;
+----------------------+------------------+------------+------------+----------------+
; Analysis & Synthesis ; LAPTOP-NUFGKDQ4  ; Windows 10 ; 10.0       ; x86_64         ;
; Fitter               ; LAPTOP-NUFGKDQ4  ; Windows 10 ; 10.0       ; x86_64         ;
; Assembler            ; LAPTOP-NUFGKDQ4  ; Windows 10 ; 10.0       ; x86_64         ;
; Power Analyzer       ; LAPTOP-NUFGKDQ4  ; Windows 10 ; 10.0       ; x86_64         ;
; Timing Analyzer      ; LAPTOP-NUFGKDQ4  ; Windows 10 ; 10.0       ; x86_64         ;
+----------------------+------------------+------------+------------+----------------+


------------
; Flow Log ;
------------
quartus_map --read_settings_files=on --write_settings_files=off lab8 -c FinalProject
quartus_fit --read_settings_files=off --write_settings_files=off lab8 -c FinalProject
quartus_asm --read_settings_files=off --write_settings_files=off lab8 -c FinalProject
quartus_pow --read_settings_files=off --write_settings_files=off lab8 -c FinalProject
quartus_sta lab8 -c FinalProject



